BIN\F\SRMW32.DLL 49152 11/08/2026 08:51:16
BIN\S\BAJCTDLC.EXE 110592 11/08/2026 12:57:15
BIN\S\EXE1AR00.EXE 86016 11/08/2026 12:59:01
BIN\S\EXE1C200.EXE 86016 11/08/2026 12:58:16
BIN\S\EXE1CA00.EXE 86016 11/08/2026 12:58:55
BIN\S\EXE1CN00.EXE 86016 11/08/2026 12:57:38
BIN\S\EXE1DD00.EXE 86016 11/08/2026 12:57:27
BIN\S\EXE1DR00.EXE 86016 11/08/2026 12:59:01
BIN\S\EXE1ES00.EXE 86016 11/08/2026 12:57:44
BIN\S\EXE1HL00.EXE 86016 11/08/2026 12:58:44
BIN\S\EXE1RC00.EXE 86016 11/08/2026 12:58:56
BIN\S\EXE1RH00.EXE 86016 11/08/2026 12:59:06
BIN\S\EXE2CB00.EXE 102400 11/08/2026 12:57:54
BIN\S\EXE2CC00.EXE 86016 11/08/2026 12:57:28
BIN\S\EXE2CD00.EXE 86016 11/08/2026 12:58:26
BIN\S\EXE2CP00.EXE 86016 11/08/2026 12:57:49
BIN\S\EXE2F000.EXE 90112 11/08/2026 12:58:33
BIN\S\EXE2F100.EXE 69632 11/08/2026 12:58:33
BIN\S\EXE2F200.EXE 90112 11/08/2026 12:57:18
BIN\S\EXE2FA00.EXE 86016 11/08/2026 12:57:19
BIN\S\EXE2FC00.EXE 86016 11/08/2026 12:57:32
BIN\S\EXE2FE00.EXE 86016 11/08/2026 12:58:34
BIN\S\EXE2LF00.EXE 86016 11/08/2026 12:59:11
BIN\S\EXE2MI00.EXE 86016 11/08/2026 12:58:48
BIN\S\EXE2R400.EXE 86016 11/08/2026 12:59:16
BIN\S\EXE2RF00.EXE 106496 11/08/2026 12:57:58
BIN\S\EXE2RH00.EXE 86016 11/08/2026 12:59:21
BIN\S\EXE3AR00.EXE 86016 11/08/2026 12:59:17
BIN\S\EXE3CP00.EXE 86016 11/08/2026 12:57:50
BIN\S\EXE3CR00.EXE 86016 11/08/2026 12:59:22
BIN\S\EXE3EL00.EXE 86016 11/08/2026 12:58:10
BIN\S\EXE3F200.EXE 90112 11/08/2026 12:57:20
BIN\S\EXE3FC00.EXE 86016 11/08/2026 12:57:33
BIN\S\EXE3FE00.EXE 86016 11/08/2026 12:58:35
BIN\S\EXE3GR00.EXE 86016 11/08/2026 12:58:26
BIN\S\EXE3RH00.EXE 86016 11/08/2026 12:59:12
BIN\S\EXE3RL00.EXE 86016 11/08/2026 12:58:00
BIN\S\EXEACR00.EXE 86016 11/08/2026 12:59:02
BIN\S\EXEAE000.EXE 94208 11/08/2026 12:58:36
BIN\S\EXEAE100.EXE 69632 11/08/2026 12:58:36
BIN\S\EXECCA00.EXE 86016 11/08/2026 12:58:57
BIN\S\EXECCR00.EXE 90112 11/08/2026 12:57:39
BIN\S\EXECRE00.EXE 90112 11/08/2026 12:57:56
BIN\S\EXECRN00.EXE 90112 11/08/2026 12:58:04
BIN\S\EXECRS00.EXE 90112 11/08/2026 12:58:07
BIN\S\EXEGTC00.EXE 81920 11/08/2026 12:58:16
BIN\S\EXELC200.EXE 86016 11/08/2026 12:58:17
BIN\S\EXELC500.EXE 86016 11/08/2026 12:58:22
BIN\S\EXELC600.EXE 90112 11/08/2026 12:58:23
BIN\S\EXELH100.EXE 86016 11/08/2026 12:58:45
BIN\S\EXEMAI00.EXE 81920 11/08/2026 12:58:49
BIN\S\EXEMHB00.EXE 77824 11/08/2026 12:58:52
BIN\S\EXERCH00.EXE 86016 11/08/2026 12:59:07
BIN\S\EXESC100.EXE 86016 11/08/2026 12:58:07
BIN\S\EXESR100.EXE 86016 11/08/2026 12:58:08
BIN\S\GES_2CD.EXE 110592 11/08/2026 12:58:18
BIN\S\PTACRN04.EXE 65536 11/08/2026 12:58:05
BIN\S\PTACRS04.EXE 65536 11/08/2026 12:58:09
BIN\S\PTAMHB00.EXE 61440 11/08/2026 12:58:53
BIN\S\REZMAI00.EXE 81920 11/08/2026 12:58:50
BIN\S\ROTOR1C2.EXE 81920 11/08/2026 12:58:19
BIN\S\ROTOR1CN.EXE 81920 11/08/2026 12:57:40
BIN\S\ROTOR1DD.EXE 77824 11/08/2026 12:57:29
BIN\S\ROTOR1E2.EXE 81920 11/08/2026 12:58:37
BIN\S\ROTOR1ES.EXE 81920 11/08/2026 12:57:44
BIN\S\ROTOR1RC.EXE 77824 11/08/2026 12:58:57
BIN\S\ROTOR1RH.EXE 81920 11/08/2026 12:59:08
BIN\S\ROTOR2CB.EXE 40960 11/08/2026 12:57:54
BIN\S\ROTOR2CD.EXE 81920 11/08/2026 12:58:29
BIN\S\ROTOR2CP.EXE 86016 11/08/2026 12:57:50
BIN\S\ROTOR2FA.EXE 81920 11/08/2026 12:57:20
BIN\S\ROTOR2FC.EXE 81920 11/08/2026 12:57:34
BIN\S\ROTOR2FE.EXE 81920 11/08/2026 12:58:38
BIN\S\ROTOR2LC.EXE 81920 11/08/2026 12:57:45
BIN\S\ROTOR2LE.EXE 90112 11/08/2026 12:58:11
BIN\S\ROTOR2LF.EXE 90112 11/08/2026 12:59:12
BIN\S\ROTOR2RC.EXE 81920 11/08/2026 12:59:03
BIN\S\ROTOR2RF.EXE 40960 11/08/2026 12:57:58
BIN\S\ROTOR2RH.EXE 90112 11/08/2026 12:59:23
BIN\S\ROTOR2RL.EXE 90112 11/08/2026 12:58:01
BIN\S\ROTOR2RT.EXE 81920 11/08/2026 12:59:18
BIN\S\ROTOR3AR.EXE 81920 11/08/2026 12:59:18
BIN\S\ROTOR3CP.EXE 86016 11/08/2026 12:57:51
BIN\S\ROTOR3CR.EXE 90112 11/08/2026 12:59:24
BIN\S\ROTOR3EL.EXE 86016 11/08/2026 12:58:12
BIN\S\ROTOR3FA.EXE 81920 11/08/2026 12:57:21
BIN\S\ROTOR3FC.EXE 77824 11/08/2026 12:57:34
BIN\S\ROTOR3FE.EXE 81920 11/08/2026 12:58:39
BIN\S\ROTOR3GR.EXE 81920 11/08/2026 12:58:30
BIN\S\ROTOR3RC.EXE 77824 11/08/2026 12:59:03
BIN\S\ROTOR3RH.EXE 90112 11/08/2026 12:59:13
BIN\S\ROTOR3RL.EXE 86016 11/08/2026 12:58:02
BIN\S\ROTORAL2.EXE 81920 11/08/2026 12:57:22
BIN\S\ROTORCCC.EXE 77824 11/08/2026 12:57:29
BIN\S\ROTORCCR.EXE 81920 11/08/2026 12:57:41
BIN\S\ROTORCLC.EXE 32768 11/08/2026 12:57:02
BIN\S\ROTORLC2.EXE 81920 11/08/2026 12:58:20
BIN\S\ROTORLE2.EXE 81920 11/08/2026 12:58:40
BIN\S\ROTORMHB.EXE 45056 11/08/2026 12:58:53
BIN\S\ROTORRCC.EXE 77824 11/08/2026 12:58:58
BIN\S\ROTORRCH.EXE 81920 11/08/2026 12:59:08
BIN\S\SRM_VSD.EXE 86016 11/08/2026 12:57:03
BIN\S\VIVLDCTD.EXE 143360 11/08/2026 12:57:13
BIN\S\VLDVSCTD.EXE 94208 11/08/2026 12:57:16
BIN\S\VSDPROD.EXE 802816 11/08/2026 12:57:17
BIN\S\VSDVL1C2.EXE 110592 11/08/2026 12:58:21
BIN\S\VSDVL1CN.EXE 114688 11/08/2026 12:57:42
BIN\S\VSDVL1DD.EXE 110592 11/08/2026 12:57:30
BIN\S\VSDVL1E2.EXE 114688 11/08/2026 12:58:41
BIN\S\VSDVL1ES.EXE 106496 11/08/2026 12:57:46
BIN\S\VSDVL1HL.EXE 118784 11/08/2026 12:58:46
BIN\S\VSDVL1RC.EXE 110592 11/08/2026 12:58:59
BIN\S\VSDVL1RH.EXE 110592 11/08/2026 12:59:09
BIN\S\VSDVL2AU.EXE 65536 11/08/2026 12:57:26
BIN\S\VSDVL2CB.EXE 61440 11/08/2026 12:57:55
BIN\S\VSDVL2CC.EXE 110592 11/08/2026 12:57:31
BIN\S\VSDVL2CD.EXE 114688 11/08/2026 12:58:31
BIN\S\VSDVL2CE.EXE 114688 11/08/2026 12:57:01
BIN\S\VSDVL2CJ.EXE 57344 11/08/2026 12:57:37
BIN\S\VSDVL2CP.EXE 110592 11/08/2026 12:57:52
BIN\S\VSDVL2EH.EXE 114688 11/08/2026 12:56:59
BIN\S\VSDVL2FA.EXE 114688 11/08/2026 12:57:23
BIN\S\VSDVL2FC.EXE 110592 11/08/2026 12:57:35
BIN\S\VSDVL2FE.EXE 118784 11/08/2026 12:58:42
BIN\S\VSDVL2IE.EXE 118784 11/08/2026 12:57:04
BIN\S\VSDVL2LC.EXE 106496 11/08/2026 12:57:47
BIN\S\VSDVL2LE.EXE 110592 11/08/2026 12:58:13
BIN\S\VSDVL2LF.EXE 110592 11/08/2026 12:59:14
BIN\S\VSDVL2MG.EXE 106496 11/08/2026 12:58:51
BIN\S\VSDVL2PH.EXE 110592 11/08/2026 12:57:48
BIN\S\VSDVL2PI.EXE 118784 11/08/2026 12:57:07
BIN\S\VSDVL2RC.EXE 110592 11/08/2026 12:59:04
BIN\S\VSDVL2RF.EXE 61440 11/08/2026 12:57:59
BIN\S\VSDVL2RH.EXE 110592 11/08/2026 12:59:25
BIN\S\VSDVL2RL.EXE 110592 11/08/2026 12:58:02
BIN\S\VSDVL2RT.EXE 110592 11/08/2026 12:59:19
BIN\S\VSDVL3AR.EXE 114688 11/08/2026 12:59:20
BIN\S\VSDVL3CE.EXE 122880 11/08/2026 12:57:02
BIN\S\VSDVL3CH.EXE 126976 11/08/2026 12:57:09
BIN\S\VSDVL3CP.EXE 114688 11/08/2026 12:57:53
BIN\S\VSDVL3CR.EXE 118784 11/08/2026 12:59:26
BIN\S\VSDVL3EL.EXE 118784 11/08/2026 12:58:15
BIN\S\VSDVL3FA.EXE 114688 11/08/2026 12:57:24
BIN\S\VSDVL3FC.EXE 118784 11/08/2026 12:57:36
BIN\S\VSDVL3FE.EXE 126976 11/08/2026 12:58:43
BIN\S\VSDVL3G1.EXE 131072 11/08/2026 12:57:10
BIN\S\VSDVL3GR.EXE 118784 11/08/2026 12:58:32
BIN\S\VSDVL3HE.EXE 118784 11/08/2026 12:57:00
BIN\S\VSDVL3IE.EXE 126976 11/08/2026 12:57:05
BIN\S\VSDVL3IP.EXE 131072 11/08/2026 12:57:07
BIN\S\VSDVL3RC.EXE 118784 11/08/2026 12:59:05
BIN\S\VSDVL3RH.EXE 118784 11/08/2026 12:59:15
BIN\S\VSDVL3RL.EXE 118784 11/08/2026 12:58:03
BIN\S\VSDVLAL2.EXE 114688 11/08/2026 12:57:25
BIN\S\VSDVLAPL.EXE 114688 11/08/2026 12:57:26
BIN\S\VSDVLCCR.EXE 110592 11/08/2026 12:57:43
BIN\S\VSDVLCRE.EXE 86016 11/08/2026 12:57:57
BIN\S\VSDVLCRN.EXE 57344 11/08/2026 12:58:06
BIN\S\VSDVLCRS.EXE 77824 11/08/2026 12:58:09
BIN\S\VSDVLLC2.EXE 118784 11/08/2026 12:58:22
BIN\S\VSDVLLC5.EXE 118784 11/08/2026 12:58:24
BIN\S\VSDVLLC6.EXE 118784 11/08/2026 12:58:25
BIN\S\VSDVLLE2.EXE 114688 11/08/2026 12:58:44
BIN\S\VSDVLLH1.EXE 118784 11/08/2026 12:58:47
BIN\S\VSDVLMHB.EXE 110592 11/08/2026 12:58:54
BIN\S\VSDVLRCC.EXE 110592 11/08/2026 12:59:00
BIN\S\VSDVLRCH.EXE 110592 11/08/2026 12:59:10
DATA\VISADO\ENVIOSRM.MDB 131072 11/08/2026 08:51:16
DATA\VISADO\ERRORSRM.INI 6175 11/08/2026 08:51:16
DATA\VISADO\HIST_VSD.MDB 98304 11/08/2026 08:51:16
DATA\VISADO\NOTARIOS.MDB 65536 11/08/2026 08:51:16
DATA\VISADO\OFICINA.MDB 131072 11/08/2026 08:51:16
DATA\VISADO\REPORTE.MDB 294912 11/08/2026 08:51:16
DATA\VISADO\VALCTDLC.MDB 491520 11/08/2026 08:51:16
DATA\VISADO\VISADO.INI 13080 11/08/2026 08:51:16
DATA\VISADO\VISADO.MDB 1474560 11/08/2026 08:51:16
ETC\BIN\COMDLG32.OCX 140096 11/08/2026 08:51:16
ETC\BIN\licencias.reg 4483 11/08/2026 08:51:16
ETC\BIN\MSCOMCT2.OCX 647872 11/08/2026 08:51:16
ETC\BIN\MSFLXGRD.OCX 244232 11/08/2026 08:51:16
ETC\BIN\THREED32.OCX 200704 11/08/2026 08:51:16
instalador_vsdw9500.bat 8291 11/08/2026 13:09:04
LEEME.md 7110 11/08/2026 13:09:52
